[    0.000000] Initializing cgroup subsys cpuset
[    0.000000] Initializing cgroup subsys cpu
[    0.000000] Initializing cgroup subsys cpuacct
[    0.000000] Linux version 4.4.0-130-generic (buildd@lgw01-amd64-039) (gcc version 5.4.0 20160609 (Ubuntu 5.4.0-6ubuntu1~16.04.9) ) #156-Ubuntu SMP Thu Jun 14 08:53:28 UTC 2018 (Ubuntu 4.4.0-130.156-generic 4.4.134)
[    0.000000] Command line: BOOT_IMAGE=/boot/vmlinuz-4.4.0-130-generic root=LABEL=cloudimg-rootfs ro conletty1 console=ttyS0
[    0.000000] KERNEL supported cpus:
[    0.000000]   Intel GenuineIntel
[    0.000000]   AMD AuthenticAMD
[    0.000000]   Centaur CentaurHauls
[    0.000000] x86/fpu: xstate_offset[2]:  576, xstate_sizes[2]:  256
[    0.000000] x86/fpu: Supporting XSAVE feature 0x01: 'x87 floating point registers'
[    0.000000] x86/fpu: Supporting XSAVE feature 0x02: 'SSE registers'
[    0.000000] x86/fpu: Supporting XSAVE feature 0x04: 'AVX registers'
    0.000000] x86/fpu: Enabled xstate features 0x7, context size is 832 bytes, using 'standard' format.
[    0.000000] x86/fpu: Using 'eager' FPU context switches.
[    0.000000] e820: BIOS-provided physical RAM map:
[    0.000000] BIOS-e820: [mem 0x0000000000000000-0x000000000009fbff] usable
[    0.000000] BIOS-e820: [mem 0x000000000009fc00-0x000000000009ffff] reserved
[    0.000000] BIOS-e820: [mem 0x00000000000f0000-0x00000000000fffff] reserved
[    0.000000] BIOS-e820: [mem 0x0000000000100000-0x000000003ffeffff] usable
[    0.000000] BIOS-e820: [mem 0x000000003fff0000-0x000000003fffffff] ACPI data
[    0.000000] BIOS-e820: [mem 0x00000000fec00000-0x00000000fec00fff] reserved
[    0.000000] BIOS-e820: [mem 0x00000000fee00000-0x00000000fee00fff] reserved
[    0.000000] BIOS-e820: [mem 0x00000000fffc0000-0x00000000ffffffff] reserved
[    0.000000] NX (Execute Disable) protection: active
[    0.000000] SMBIOS 2.5 present.
[    0.000000] Hypervisor detected: KVM
[    0.000000] e820: last_pfn = 0x3fff0 max_arch_pfn = 0x400000000
[    0.000000] MTRR: Disabled
[    0.000000] x86/PAT: MTRRs disabled, skipping PAT initialization too.
[    0.000000] CPU MTRRs all blank - virtualized system.
[    0.000000] x86/PAT: Configuration [0-7]: WB  WT  UC- UC  WB  WT  UC- UC  
[    0.000000] found SMP MP-table at [mem 0x0009fff0-0x0009ffff] mapped at [ffff88000009fff0]
[    0.000000] Scanning 1 areas for low memory corruption
[    0.000000] RAMDISK: [mem 0x36aa2000-0x37548fff]
[    0.000000] ACPI: Early table checksum verification disabled
[    0.000000] ACPI: RSDP 0x00000000000E0000 000024 (v02 VBOX  )
[    0.000000] ACPI: XSDT 0x000000003FFF0030 00003C (v01 VBOX   VBOXXSDT 00000001 ASL  00000061)
[    0.000000] ACPI: FACP 0x000000003FFF00F0 0000F4 (v04 VBOX   VBOXFACP 00000001 ASL  00000061)
[    0.000000] ACPI: DSDT 0x000000003FFF0470 0021FF (v02 VBOX   VBOXBIOS 00000002 INTL 20160108)
[    0.000000] ACPI: FACS 0x000000003FFF0200 000040
[    0.000000] ACPI: FACS 0x000000003FFF0200 000040
[    0.000000] ACPI: APIC 0x000000003FFF0240 00005C (v02 VBOX   VBOXAPIC 00000001 ASL  00000061)
[    0.000000] ACPI: SSDT 0x000000003FFF02A0 0001CC (v01 VBOX   VBOXCPUT 00000002 INTL 20160108)
[    0.000000] No NUMA configuration found
[    0.000000] Faking a node at [mem 0x0000000000000000-0x000000003ffeffff]
[    0.000000] NODE_DATA(0) allocated [mem 0x3ffeb000-0x3ffeffff]
[    0.000000] kvm-clock: Using msrs 4b564d01 and 4b564d00
[    0.000000] kvm-clock: cpu 0, msr 0:3ffe3001, primary cpu clock
[    0.000000] kvm-clock: using sched offset of 3573423254 cycles
[    0.000000] clocksource: kvm-clock: mask: 0xffffffffffffffff max_cycles: 0x1cd42e4dffb, max_idle_ns: 881590591483 ns
[    0.000000] Zone ranges:
[    0.000000]   DMA      [mem 0x0000000000001000-0x0000000000ffffff]
[    0.000000]   DMA32    [mem 0x0000000001000000-0x000000003ffeffff]
[    0.000000]   Normal   empty
[    0.000000]   Device   empty
[    0.000000] Movable zone start for each node
[    0.000000] Early memory node ranges
[    0.000000]   node   0: [mem 0x0000000000001000-0x000000000009efff]
[    0.000000]   node   0: [mem 0x0000000000100000-0x000000003ffeffff]
[    0.000000] Initmem setup node 0 [mem 0x0000000000001000-0x000000003ffeffff]
[    0.000000] ACPI: PM-Timer IO Port: 0x4008
[    0.000000] IOAPIC[0]: apic_id 2, version 32, address 0xfec00000, GSI 0-23
[    0.000000] ACPI: INT_SRC_OVR (bus 0 bus_irq 0 global_irq 2 dfl dfl)
[    0.000000] ACPI: INT_SRC_OVR (bus 0 bus_irq 9 global_irq 9 low level)
[    0.000000] Using ACPI (MADT) for SMP configuration information
[    0.000000] smpboot: Allowing 2 CPUs, 0 hotplug CPUs
[    0.000000] PM: Registered nosave memory: [mem 0x00000000-0x00000fff]
[    0.000000] PM: Registered nosave memory: [mem 0x0009f000-0x0009ffff]
[    0.000000] PM: Registered nosave memory: [mem 0x000a0000-0x000effff]
[    0.000000] PM: Registered nosave memory: [mem 0x000f0000-0x000fffff]
[    0.000000] e820: [mem 0x40000000-0xfebfffff] available for PCI devices
[    0.000000] Booting paravirtualized kernel on KVM
[    0.000000] clocksource: refined-jiffies: mask: 0xffffffff max_cycles: 0xffffffff, max_idle_ns:64519600211568 ns
[    0.000000] setup_percpu: NR_CPUS:512 nr_cpumask_bits:512 nr_cpu_ids:2 nr_node_ids:1
[    0.000000] PERCPU: Embedded 34 pages/cpu @ffff88003fc00000 s99544 r8192 d31528 u1048576
[    0.000000] PV qspinlock hash table entries: 256 (order: 0, 4096 bytes)
[    0.000000] Built 1 zonelists in Node order, mobility grouping on.  Total pages: 257912
[    0.000000] Policy zone: DMA32
[    0.000000] Kernel command line: BOOT_IMAGE=/boot/vmlinuz-4.4.0-130-generic root=LABEL=cloudimg-rootfs ro console=tty1 console=ttyS0
[    0.000000] PID hash table entries: 4096 (order: 3, 32768 bytes)
[    0.000000] Memory: 1001608K/1048120K available (8546K kernel code, 1313K rwdata, 4000K rodata, 1516K init, 1316K bss, 46512K reserved, 0K cma-reserved)
[    0.000000] SLUB: HWalign=64, Order=0-3, MinObjects=0, CPUs=2, Nodes=1
[    0.000000] Kernel/User page tables isolation: enabled
[    0.000000] Hierarchical RCU implementation.
[    0.000000] 	Build-time adjustment of leaf fanout to 64.
[    0.000000] 	RCU restricting CPUs from NR_CPUS=512 to nr_cpu_ids=2.
[    0.000000] RCU: Adjusting geometry for rcu_fanout_leaf=64, nr_cpu_ids=2
[    0.000000] NR_IRQS:33024 nr_irqs:440 16
[    0.000000] Console: colour VGA+ 80x25
[    0.000000] console [tty1] enabled
[    0.000000] console [ttyS0] enabled
[    0.000000] tsc: Detected 2394.456 MHz processor
[    0.426771] Calibrating delay loop (skipped) preset value.. 4788.91 BogoMIPS (lpj=9577824)
[    0.428474] pid_max: default: 32768 minimum: 301
[    0.429389] ACPI: Core revision 20150930
[    0.431322] ACPI: 2 ACPI AML tables successfully acquired and loaded
[    0.432604] Security Framework initialized
[    0.433432] Yama: becoming mindful.
[    0.434207] AppArmor: AppArmor initialized
[    0.435123] Dentry cache hash table entries: 131072 (order: 8, 1048576 bytes)
[    0.437053] Inode-cache hash table entries: 65536 (order: 7, 524288 bytes)
[    0.438406] Mount-cache hash table entries: 2048 (order: 2, 16384 bytes)
[    0.439574] Mountpoint-cache hash table entries: 2048 (order: 2, 16384 bytes)
[    0.440994] Initializing cgroup subsys io
[    0.441814] Initializing cgroup subsys memory
[    0.442701] Initializing cgroup subsys devices
[    0.443580] Initializing cgroup subsys freezer
[    0.444448] Initializing cgroup subsys net_cls
[    0.445323] Initializing cgroup subsys perf_event
[    0.446221] Initializing cgroup subsys net_prio
[    0.447145] Initializing cgroup subsys hugetlb
[    0.448012] Initializing cgroup subsys pids
[    0.448919] CPU: Physical Processor ID: 0
[    0.455013] CPU: Processor Core ID: 0
[    0.456762] mce: CPU supports 0 MCE banks
[    0.457638] Last level iTLB entries: 4KB 1024, 2MB 1024, 4MB 1024
[    0.458741] Last level dTLB entries: 4KB 1024, 2MB 1024, 4MB 1024, 1GB 4
[    0.459912] Spectre V2 : Mitigation: Full generic retpoline
[    0.460950] Spectre V2 : Speculation control IBPB not-supported IBRS not-supported
[    0.462246] Speculative Store Bypass: Vulnerable
[    0.466141] Freeing SMP alternatives memory: 32K
[    0.475835] ftrace: allocating 32245 entries in 126 pages
[    0.532094] smpboot: APIC(0) Converting physical 0 to logical package 0
[    0.542761] smpboot: Max logical packages: 1
[    0.543916] x2apic enabled
[    0.544837] Switched APIC routing to physical x2apic.
[    0.547073] ..TIMER: vector=0x30 apic1=0 pin1=2 apic2=-1 pin2=-1
[    0.661827] smpboot: CPU0: Intel(R) Core(TM) i5-4210U CPU @ 1.70GHz (family: 0x6, model: 0x45, stepping: 0x1)
[    0.675800] Performance Events: unsupported p6 CPU model 69 no PMU driver, software events only.
[    0.677656] KVM setup paravirtual spinlock
[    0.679414] x86: Booting SMP configuration:
[    0.680266] .... node  #0, CPUs:      #1
[    0.681178] kvm-clock: cpu 1, msr 0:3ffe3041, secondary cpu clock
[    0.683153] mce: CPU supports 0 MCE banks
[    0.685647] x86: Booted up 1 node, 2 CPUs
[    0.687055] smpboot: Total of 2 processors activated (9577.82 BogoMIPS)
[    0.688820] devtmpfs: initialized
[    0.691079] evm: security.selinux
[    0.691850] evm: security.SMACK64
[    0.692633] evm: security.SMACK64EXEC
[    0.693438] evm: security.SMACK64TRANSMUTE
[    0.694427] evm: security.SMACK64MMAP
[    0.695234] evm: security.ima
[    0.695932] evm: security.capability
[    0.696987] clocksource: jiffies: mask: 0xffffffff max_cycles: 0xffffffff, max_idle_ns: 7645041785100000 ns
[    0.699032] futex hash table entries: 512 (order: 3, 32768 bytes)
[    0.702713] pinctrl core: initialized pinctrl subsystem
[    0.703843] RTC time: 12:48:48, date: 08/14/18
[    0.704922] NET: Registered protocol family 16
[    0.714041] cpuidle: using governor ladder
[    0.738177] cpuidle: using governor menu
[    0.759289] PCCT header not found.
[    0.763735] ACPI: bus type PCI registered
[    0.764718] acpiphp: ACPI Hot Plug PCI Controller Driver version: 0.5
[    0.766216] PCI: Using configuration type 1 for base access
[    0.779228] ACPI: Added _OSI(Module Device)
[    0.780396] ACPI: Added _OSI(Processor Device)
[    0.781291] ACPI: Added _OSI(3.0 _SCP Extensions)
[    0.782264] ACPI: Added _OSI(Processor Aggregator Device)
[    0.784059] ACPI: Executed 1 blocks of module-level executable AML code
[    0.788951] ACPI: Interpreter enabled
[    0.789799] ACPI: (supports S0 S5)
[    0.790546] ACPI: Using IOAPIC for interrupt routing
[    0.791666] PCI: Using host bridge windows from ACPI; if necessary, use "pci=nocrs" and report a bug
[    0.797306] ACPI: PCI Root Bridge [PCI0] (domain 0000 [bus 00-ff])
[    0.798469] acpi PNP0A03:00: _OSC: OS supports [ASPM ClockPM Segments MSI]
[    0.799695] acpi PNP0A03:00: _OSC: not requesting OS control; OS requires [ExtendedConfig ASPM ClockPM MSI]
[    0.806820] acpi PNP0A03:00: fail to add MMCONFIG information, can't access extended PCI configuration space under this bridge.
[    0.814600] PCI host bridge to bus 0000:00
[    0.815497] pci_bus 0000:00: root bus resource [io  0x0000-0x0cf7 window]
[    0.816810] pci_bus 0000:00: root bus resource [io  0x0d00-0xffff window]
[    0.818120] pci_bus 0000:00: root bus resource [mem 0x000a0000-0x000bffff window]
[    0.822477] pci_bus 0000:00: root bus resource [mem 0x40000000-0xfdffffff window]
[    0.824025] pci_bus 0000:00: root bus resource [bus 00-ff]
[    0.826749] pci 0000:00:01.1: legacy IDE quirk: reg 0x10: [io  0x01f0-0x01f7]
[    0.828008] pci 0000:00:01.1: legacy IDE quirk: reg 0x14: [io  0x03f6]
[    0.829186] pci 0000:00:01.1: legacy IDE quirk: reg 0x18: [io  0x0170-0x0177]
[    0.841718] pci 0000:00:01.1: legacy IDE quirk: reg 0x1c: [io  0x0376]
[    0.888538] pci 0000:00:07.0: quirk: [io  0x4000-0x403f] claimed by PIIX4 ACPI
[    0.910620] pci 0000:00:07.0: quirk: [io  0x4100-0x410f] claimed by PIIX4 SMB
[    0.957682] ACPI: PCI Interrupt Link [LNKA] (IRQs 5 9 10 *11)
[    0.963143] ACPI: PCI Interrupt Link [LNKB] (IRQs 5 9 *10 11)
[    0.964884] ACPI: PCI Interrupt Link [LNKC] (IRQs 5 *9 10 11)
[    0.966556] ACPI: PCI Interrupt Link [LNKD] (IRQs 5 9 10 *11)
[    0.968206] ACPI: Enabled 2 GPEs in block 00 to 07
[    0.969687] vgaarb: setting as boot device: PCI:0000:00:02.0
[    0.971080] vgaarb: device added: PCI:0000:00:02.0,decodes=io+mem,owns=io+mem,locks=none
[    0.986197] vgaarb: loaded
[    0.986918] vgaarb: bridge control possible 0000:00:02.0
[    0.988548] SCSI subsystem initialized
[    0.997239] ACPI: bus type USB registered
[    0.998210] usbcore: registered new interface driver usbfs
[    1.002284] usbcore: registered new interface driver hub
[    1.003294] usbcore: registered new device driver usb
[    1.039795] PCI: Using ACPI for IRQ routing
[    1.043012] NetLabel: Initializing
[    1.043769] NetLabel:  domain hash size = 128
[    1.044642] NetLabel:  protocols = UNLABELED CIPSOv4
[    1.050956] NetLabel:  unlabeled traffic allowed by default
[    1.052238] amd_nb: Cannot enumerate AMD northbridges
[    1.053378] clocksource: Switched to clocksource kvm-clock
[    1.068076] AppArmor: AppArmor Filesystem Enabled
[    1.074768] pnp: PnP ACPI init
[    1.076370] pnp: PnP ACPI: found 3 devices
[    1.087973] clocksource: acpim: mask: 0xffffff max_cycles: 0xffffff, max_idle_ns: 2085701024 ns
[    1.139635] NET: Registered protocol family 2

[    1.140953] TCP established hash table entries: 8192 (order: 4, 65536 bytes)
[    1.147721] TCP bind hash table entries: 8192 (order: 5, 131072 bytes)
[    1.149039] TCP: Hash tables configured (established 8192 bind 8192)
[    1.150340] UDP hash table entries: 512 (order: 2, 16384 bytes)
[    1.151487] UDP-Lite hash table entries: 512 (order: 2, 16384 bytes)
[    1.152785] NET: Registered protocol family 1
[    1.153854] pci 0000:00:00.0: Limiting direct PCI/PCI transfers
[    1.155400] pci 0000:00:01.0: Activating ISA DMA hang workarounds
[    1.156795] Unpacking initramfs...
[    3.096864] Freeing initrd memory: 10908K
[    3.099432] RAPL PMU detected, API unit is 2^-32 Joules, 4 fixed counters 10737418240 ms ovfl timer
[    3.110130] hw unit of domain pp0-core 2^-0 Joules
[    3.119770] hw unit of domain package 2^-0 Joules
[    3.120679] hw unit of domain dram 2^-0 Joules
[    3.121591] hw unit of domain pp1-gpu 2^-0 Joules
[    3.140011] platform rtc_cmos: registered platform RTC device (no PNP device found)
[    3.141979] Scanning for low memory corruption every 60 seconds
[    3.179109] audit: initializing netlink subsys (disabled)
[    3.180162] audit: type=2000 audit(1534250935.565:1): initialized
[    3.181599] Initialise system trusted keyring
[    3.182669] HugeTLB registered 2 MB page size, pre-allocated 0 pages
[    3.185396] zbud: loaded
[    3.186492] VFS: Disk quotas dquot_6.6.0
[    3.187348] VFS: Dquot-cache hash table entries: 512 (order 0, 4096 bytes)
[    3.191869] squashfs: version 4.0 (2009/01/31) Phillip Lougher
[    3.193238] fuse init (API version 7.23)
[    3.194260] Key type big_key registered
[    3.195097] Allocating IMA MOK and blacklist keyrings.
[    3.197224] Key type asymmetric registered
[    3.198201] Asymmetric key parser 'x509' registered
[    3.199188] Block layer SCSI generic (bsg) driver version 0.4 loaded (major 249)
[    3.209365] io scheduler noop registered
[    3.210248] io scheduler deadline registered (default)
[    3.211287] io scheduler cfq registered
[    3.212194] pci_hotplug: PCI Hot Plug PCI Core version: 0.5
[    3.213241] pciehp: PCI Express Hot Plug Controller Driver version: 0.4
[    3.214703] ACPI: AC Adapter [AC] (on-line)
[    3.215649] input: Power Button as /devices/LNXSYSTM:00/LNXPWRBN:00/input/input0
[    3.217161] ACPI: Power Button [PWRF]
[    3.218144] input: Sleep Button as /devices/LNXSYSTM:00/LNXSLPBN:00/input/input1
[    3.225496] ACPI: Sleep Button [SLPF]
[    3.227162] ACPI: Battery Slot [BAT0] (battery present)
[    3.228202] GHES: HEST is not enabled!
[    3.230762] Serial: 8250/16550 driver, 32 ports, IRQ sharing enabled
[    3.254069] 00:02: ttyS0 at I/O 0x3f8 (irq = 4, base_baud = 115200) is a 16550A
[    3.257143] Linux agpgart interface v0.103
[    3.260279] loop: module loaded
[    3.279120] scsi host0: ata_piix
[    3.280040] scsi host1: ata_piix
[    3.280830] ata1: PATA max UDMA/33 cmd 0x1f0 ctl 0x3f6 bmdma 0xd000 irq 14
[    3.282220] ata2: PATA max UDMA/33 cmd 0x170 ctl 0x376 bmdma 0xd008 irq 15
[    3.283625] libphy: Fixed MDIO Bus: probed
[    3.284563] tun: Universal TUN/TAP device driver, 1.6
[    3.285651] tun: (C) 1999-2004 Max Krasnyansky <maxk@qualcomm.com>
[    3.286986] PPP generic driver version 2.4.2
[    3.287960] ehci_hcd: USB 2.0 'Enhanced' Host Controller (EHCI) Driver
[    3.308954] ehci-pci: EHCI PCI platform driver
[    3.310066] ehci-platform: EHCI generic platform driver
[    3.311111] ohci_hcd: USB 1.1 'Open' Host Controller (OHCI) Driver
[    3.312328] ohci-pci: OHCI PCI platform driver
[    3.313248] ohci-platform: OHCI generic platform driver
[    3.314342] uhci_hcd: USB Universal Host Controller Interface driver
[    3.315620] i8042: PNP: PS/2 Controller [PNP0303:PS2K,PNP0f03:PS2M] at 0x60,0x64 irq 1,12
[    3.318399] serio: i8042 KBD port at 0x60,0x64 irq 1
[    3.320270] serio: i8042 AUX port at 0x60,0x64 irq 12
[    3.322017] mousedev: PS/2 mouse device common for all mice
[    3.323641] rtc_cmos rtc_cmos: rtc core: registered rtc_cmos as rtc0
[    3.325006] rtc_cmos rtc_cmos: alarms up to one day, 114 bytes nvram
[    3.326352] i2c /dev entries driver
[    3.327261] input: AT Translated Set 2 keyboard as /devices/platform/i8042/serio0/input/input2
[    3.329270] device-mapper: uevent: version 1.0.3
[    3.330394] device-mapper: ioctl: 4.34.0-ioctl (2015-10-28) initialised: dm-devel@redhat.com
[    3.332239] ledtrig-cpu: registered to indicate activity on CPUs
[    3.333928] NET: Registered protocol family 10
[    3.335141] NET: Registered protocol family 17
[    3.336135] Key type dns_resolver registered
[    3.337312] registered taskstats version 1
[    3.338347] Loading compiled-in X.509 certificates
[    3.340033] Loaded X.509 cert 'Build time autogenerated kernel key: b3e0fe4bcd6378c38a2c0a4648abbc1fa5043a22'
[    3.342136] zswap: loaded using pool lzo/zbud
[    3.345728] Key type trusted registered
[    3.350208] Key type encrypted registered
[    3.351248] AppArmor: AppArmor sha1 policy hashing enabled
[    3.352511] ima: No TPM chip found, activating TPM-bypass!
[    3.353536] ima: Allocated hash algorithm: sha1
[    3.378357] evm: HMAC attrs: 0x1
[    3.408987]   Magic number: 14:124:835
[    3.409929] rtc_cmos rtc_cmos: setting system clock to 2018-08-14 12:48:50 UTC (1534250930)
[    3.411762] BIOS EDD facility v0.16 2004-Jun-25, 0 devices found
[    3.412889] EDD information not available.
[    3.440046] Freeing unused kernel memory: 1516K
[    3.458784] Write protecting the kernel read-only data: 14336k
[    3.460403] Freeing unused kernel memory: 1680K
[    3.461613] Freeing unused kernel memory: 96K
Loading, please wait...
starting version[    3.481164] random: systemd-udevd: uninitialized urandom read (16 bytes read, 2 bits of entropy available)
 229
[    3.482218] random: udevadm: uninitialized urandom read (16 bytes read, 2 bits of entropy available)
[    3.482254] random: udevadm: uninitialized urandom read (16 bytes read, 2 bits of entropy available)
[    3.493617] random: systemd-udevd: uninitialized urandom read (16 bytes read, 2 bits of entropy available)
[    3.495490] random: udevadm: uninitialized urandom read (16 bytes read, 2 bits of entropy available)
[    3.495557] random: udevadm: uninitialized urandom read (16 bytes read, 2 bits of entropy available)
[    3.495771] random: udevadm: uninitialized urandom read (16 bytes read, 2 bits of entropy available)
[    3.495853] random: udevadm: uninitialized urandom read (16 bytes read, 2 bits of entropy available)
[    3.495932] random: udevadm: uninitialized urandom read (16 bytes read, 2 bits of entropy available)
[    3.496010] random: udevadm: uninitialized urandom read (16 bytes read, 2 bits of entropy available)
[    3.563755] e1000: Intel(R) PRO/1000 Network Driver - version 7.3.21-k8-NAPI
[    3.578961] e1000: Copyright (c) 1999-2006 Intel Corporation.
[    3.582419] Fusion MPT base driver 3.04.20
[    3.588835] Copyright (c) 1999-2008 LSI Corporation
[    3.608175] AVX2 version of gcm_enc/dec engaged.
[    3.613029] AES CTR mode by8 optimization enabled
[    3.628814] Fusion MPT SPI Host driver 3.04.20
[    3.802695] input: ImExPS/2 Generic Explorer Mouse as /devices/platform/i8042/serio1/input/input4
[    3.973178] e1000 0000:00:03.0 eth0: (PCI:33MHz:32-bit) 02:e8:84:b6:e7:35
[    3.979201] e1000 0000:00:03.0 eth0: Intel(R) PRO/1000 Network Connection
[    3.981236] mptbase: ioc0: Initiating bringup
[    4.046086] ioc0: LSI53C1030 A0: Capabilities={Initiator}
[    4.137799] tsc: Refined TSC clocksource calibration: 2395.270 MHz
[    4.147907] clocksource: tsc: mask: 0xffffffffffffffff max_cycles: 0x2286c327ac2, max_idle_ns: 440795228881 ns
[    4.267495] scsi host2: ioc0: LSI53C1030 A0, FwRev=00000000h, Ports=1, MaxQ=256, IRQ=20
[    4.435425] scsi 2:0:0:0: Direct-Access     VBOX     HARDDISK         1.0  PQ: 0 ANSI: 5
[    4.501720] scsi target2:0:0: Beginning Domain Validation
[    4.504093] scsi target2:0:0: Domain Validation skipping write tests
[    4.505674] scsi target2:0:0: Ending Domain Validation
[    4.523669] scsi target2:0:0: asynchronous
[    4.527437] scsi 2:0:1:0: Direct-Access     VBOX     HARDDISK         1.0  PQ: 0 ANSI: 5
[    4.530763] scsi target2:0:1: Beginning Domain Validation
[    4.533033] scsi target2:0:1: Domain Validation skipping write tests
[    4.534649] scsi target2:0:1: Ending Domain Validation
[    4.536055] scsi target2:0:1: asynchronous
[    4.546416] sd 2:0:0:0: Attached scsi generic sg0 type 0
[    4.547919] sd 2:0:0:0: [sda] 20971520 512-byte logical blocks: (10.7 GB/10.0 GiB)
[    4.550501] sd 2:0:1:0: [sdb] 20480 512-byte logical blocks: (10.5 MB/10.0 MiB)
[    4.552982] sd 2:0:1:0: Attached scsi generic sg1 type 0
[    4.554722] sd 2:0:1:0: [sdb] Write Protect is off
[    4.556109] sd 2:0:0:0: [sda] Write Protect is off
[    4.557625] sd 2:0:1:0: [sdb] Incomplete mode parameter data
[    4.559104] sd 2:0:1:0: [sdb] Assuming drive cache: write through
[    4.560630] sd 2:0:0:0: [sda] Incomplete mode parameter data
[    4.562130] sd 2:0:0:0: [sda] Assuming drive cache: write through
[    4.579820]  sda: sda1
[    4.585964] sd 2:0:0:0: [sda] Attached SCSI disk
[    4.603649] sd 2:0:1:0: [sdb] Attached SCSI disk
[    4.803572] e1000 0000:00:08.0 eth1: (PCI:33MHz:32-bit) 08:00:27:28:e0:54
[    4.817522] e1000 0000:00:08.0 eth1: Intel(R) PRO/1000 Network Connection
[    4.819934] e1000 0000:00:03.0 enp0s3: renamed from eth0
[    4.830218] e1000 0000:00:08.0 enp0s8: renamed from eth1
Begin: Loading essential drivers ... [    6.169943] md: linear personality registered for level -1
[    6.173489] md: multipath personality registered for level -4
[    6.182931] md: raid0 personality registered for level 0
[    6.188571] md: raid1 personality registered for level 1
[    6.261433] raid6: sse2x1   gen()  7780 MB/s
[    6.333430] raid6: sse2x1   xor()  4738 MB/s
[    6.401466] raid6: sse2x2   gen()  7878 MB/s
[    6.485417] raid6: sse2x2   xor()  5880 MB/s
[    6.601430] raid6: sse2x4   gen() 11605 MB/s
[    6.669425] raid6: sse2x4   xor()  8425 MB/s
[    6.737429] raid6: avx2x1   gen() 15296 MB/s
[    6.805428] raid6: avx2x2   gen() 18515 MB/s
[    6.873425] raid6: avx2x4   gen() 21031 MB/s
[    6.874339] raid6: using algorithm avx2x4 gen() 21031 MB/s
[    6.875382] raid6: using avx2x2 recovery algorithm
[    6.878098] xor: automatically using best checksumming function:
[    6.943504]    avx       : 54775.000 MB/sec
[    6.962303] async_tx: api initialized (async)
[    6.970986] md: raid6 personality registered for level 6
[    6.972240] md: raid5 personality registered for level 5
[    6.973468] md: raid4 personality registered for level 4
[    6.981082] md: raid10 personality registered for level 10
done.
Begin: Running /scripts/init-premount ... done.
Begin: Mounting root file system ... Begin: Running /scripts/local-top ... done.
Begin: Running /scripts/local-premount ... [    7.032498] Btrfs loaded
Scanning for Btrfs filesystems
done.
Warning: fsck not present, so skipping root file system
[    7.157289] EXT4-fs (sda1): mounted filesystem with ordered data mode. Opts: (null)
done.
Begin: Running /scripts/local-bottom ... done.
Begin: Running /scripts/init-bottom ... done.
[    8.053415] systemd[1]: systemd 229 running in system mode. (+PAM +AUDIT +SELINUX +IMA +APPARMOR +SMACK +SYSVINIT +UTMP +LIBCRYPTSETUP +GCRYPT +GNUTLS +ACL +XZ -LZ4 +SECCOMP +BLKID +ELFUTILS +KMOD -IDN)
[    8.061396] systemd[1]: Detected virtualization oracle.
[    8.062444] systemd[1]: Detected architecture x86-64.

Welcome to [1mUbuntu 16.04.4 LTS[0m!

[    8.117716] systemd[1]: Set hostname to <ubuntu>.
[    8.251024] systemd[1]: Initializing machine ID from random generator.
[    8.470990] systemd[1]: Installed transient /etc/machine-id file.
[    8.498579] random: nonblocking pool is initialized
[    9.687722] systemd[1]: Listening on Syslog Socket.
[[0;32m  OK  [0m] Listening on Syslog Socket.
[    9.690099] systemd[1]: Listening on Device-mapper event daemon FIFOs.
[[0;32m  OK  [0m] Listening on Device-mapper event daemon FIFOs.
[    9.752995] systemd[1]: Listening on udev Kernel Socket.
[[0;32m  OK  [0m] Listening on udev Kernel Socket.
[    9.756478] systemd[1]: Reached target User and Group Name Lookups.
[[0;32m  OK  [0m] Reached target User and Group Name Lookups.
[    9.760412] systemd[1]: Listening on Journal Socket (/dev/log).
[[0;32m  OK  [0m] Listening on Journal Socket (/dev/log).
[    9.763373] systemd[1]: Listening on LVM2 poll daemon socket.
[[0;32m  OK  [0m] Listening on LVM2 poll daemon socket.
[    9.765973] systemd[1]: Set up automount Arbitrary Executable File Formats File System Automount Point.
[[0;32m  OK  [0m] Set up automount Arbitrary Executab...ats File System Automount Point.
[    9.769720] systemd[1]: Created slice System Slice.
[[0;32m  OK  [0m] Created slice System Slice.
[    9.772026] systemd[1]: Created slice system-serial\x2dgetty.slice.
[[0;32m  OK  [0m] Created slice system-serial\x2dgetty.slice.
[    9.774698] systemd[1]: Created slice User and Session Slice.
[[0;32m  OK  [0m] Created slice User and Session Slice.
[    9.781517] systemd[1]: Reached target Slices.
[[0;32m  OK  [0m] Reached target Slices.
[    9.783458] systemd[1]: Started Trigger resolvconf update for networkd DNS.
[[0;32m  OK  [0m] Started Trigger resolvconf update for networkd DNS.
[    9.786151] systemd[1]: Listening on LVM2 metadata daemon socket.
[[0;32m  OK  [0m] Listening on LVM2 metadata daemon socket.
[    9.788462] systemd[1]: Listening on Journal Socket.
[[0;32m  OK  [0m] Listening on Journal Socket.
[    9.805747] systemd[1]: Starting Nameserver information manager...
         Starting Nameserver information manager...
[    9.845088] systemd[1]: Starting Uncomplicated firewall...
         Starting Uncomplicated firewall...
[    9.848162] systemd[1]: Mounting Debug File System...
         Mounting Debug File System...
[    9.862360] systemd[1]: Mounting POSIX Message Queue File System...
         Mounting POSIX Message Queue File System...
[    9.865567] systemd[1]: Starting Remount Root and Kernel File Systems...
         Starting Remount Root and Kernel File Systems...
[    9.918201] systemd[1]: Starting Monitoring of LVM2 mirrors, snapshots etc. using dmeventd or progress polling...
[    9.932207] EXT4-fs (sda1): re-mounted. Opts: (null)
         Starting Monitoring of LVM2 mirrors... dmeventd or progress polling...
[    9.935854] systemd[1]: Mounting Huge Pages File System...
         Mounting Huge Pages File System...
[    9.998144] systemd[1]: Starting Load Kernel Modules...
         Starting Load Kernel Modules...
[   10.033964] systemd[1]: Reached target Encrypted Volumes.
[[0;32m  OK  [0m] Reached target Encrypted Volumes.
[   10.037939] systemd[1]: Starting Create list of required static device nodes for the current kernel...
         Starting Create list of required st... nodes for the current kernel...
[   10.042424] systemd[1]: Starting Set console keymap...
         Starting Set console keymap...
[   10.052400] systemd[1]: Listening on udev Control Socket.
[[0;32m  OK  [0m] Listening on udev Control Socket.
[   10.054504] systemd[1]: Reached target Swap.
[[0;32m  OK  [0m] Reached target Swap.
[   10.056534] systemd[1]: Started Forward Password Requests to Wall Directory Watch.
[[0;32m  OK  [0m] Started Forward Password Requests to Wall Directory Watch.
[   10.059437] systemd[1]: Listening on /dev/initctl Compatibility Named Pipe.
[[0;32m  OK  [0m] Listening on /dev/initctl Compatibility Named Pipe.
[   10.061971] systemd[1]: Listening on Journal Audit Socket.
[[0;32m  OK  [0m] Listening on Journal Audit Socket.
[   10.075470] systemd[1]: Starting Journal Service...
         Starting Journal Service...
[   10.093697] systemd[1]: Reached target System Time Synchronized.
[[0;32m  OK  [0m] Reached target System Time Synchronized.
[   10.110230] Loading iSCSI transport class v2.0-870.
[   10.115546] systemd[1]: Mounted Debug File System.
[[0;32m  OK  [0m] Mounted Debug File System.
[   10.132329] systemd[1]: Mounted POSIX Message Queue File System.
[[0;32m  OK  [0m] Mounted POSIX Message Queue File System.
[   10.140046] systemd[1]: Mounted Huge Pages File System.
[[0;32m  OK  [0m] Mounted Huge Pages File System.
[   10.154310] systemd[1]: Started Uncomplicated firewall.
[[0;32m  OK  [0m] Started Uncomplicated firewall.
[   10.157536] systemd[1]: Started Remount Root and Kernel File Systems.
[[0;32m  OK  [0m] Started Remount Root and Kernel File Systems.
[   10.160575] systemd[1]: Started Create list of required static device nodes for the current kernel.
[[0;32m  OK  [0m] Started Create list of required sta...ce nodes for the current kernel.
[   10.196651] iscsi: registered transport (tcp)
[   10.205683] systemd[1]: Starting Create Static Device Nodes in /dev...
         Starting Create Static Device Nodes in /dev...
[   10.209258] systemd[1]: Starting Load/Save Random Seed...
         Starting Load/Save Random Seed...
[   10.285812] systemd[1]: Starting udev Coldplug all Devices...
         Starting udev Coldplug all Devices...
[   10.292117] systemd[1]: Started Nameserver information manager.
[[0;32m  OK  [0m] Started Nameserver information manager.
[   10.369821] systemd[1]: Started Load/Save Random Seed.
[[0;32m  OK  [0m] Started Load/Save Random Seed.
[   10.433871] systemd[1]: Started LVM2 metadata daemon.
[[0;32m  OK  [0m] Started LVM2 metadata daemon.
[   10.458277] systemd[1]: Started udev Coldplug all Devices.
[[0;32m  OK  [0m] Started udev Coldplug all Devices.
[   10.487565] systemd[1]: Started Set console keymap.
[[0;32m  OK  [0m] Started Set console keymap.
[   10.580115] systemd[1]: Started Journal Service.
[[0;32m  OK  [0m] Started Journal Service.
         Starting Flush Journal to Persistent Storage...
[   10.636090] iscsi: registered transport (iser)
[[0;32m  OK  [0m] Started Load Kernel Modules.
         Starting Apply Kernel Variables...
         Mounting FUSE Control File System...
[[0;32m  OK  [0m] Mounted FUSE Control File System.
[   10.738035] systemd-journald[402]: Received request to flush runtime journal from PID 1
[[0;32m  OK  [0m] Started Flush Journal to Persistent Storage.
[[0;32m  OK  [0m] Started Apply Kernel Variables.
[[0;32m  OK  [0m] Started Create Static Device Nodes in /dev.
[[0;32m  OK  [0m] Started Monitoring of LVM2 mirrors,...ng dmeventd or progress polling.
         Starting udev Kernel Device Manager...
[[0;32m  OK  [0m] Started udev Kernel Device Manager.
[[0;32m  OK  [0m] Started Dispatch Password Requests to Console Directory Watch.
[[0;32m  OK  [0m] Reached target Local File Systems (Pre).
[[0;32m  OK  [0m] Reached target Local File Systems.
         Starting LSB: AppArmor initialization...
         Starting Set console font and keymap...
         Starting Create Volatile Files and Directories...
         Starting Tell Plymouth To Write Out Runtime Data...
         Starting Initial cloud-init job (pre-networking)...
         Starting Commit a transient machine-id on disk...
[[0;32m  OK  [0m] Started Commit a transient machine-id on disk.
[[0;32m  OK  [0m] Started Create Volatile Files and Directories.
         Starting Update UTMP about System Boot/Shutdown...
[[0;32m  OK  [0m] Started Tell Plymouth To Write Out Runtime Data.
[[0;32m  OK  [0m] Started Update UTMP about System Boot/Shutdown.
[[0;32m  OK  [0m] Found device /dev/ttyS0.
[[0;32m  OK  [0m] Listening on Load/Save RF Kill Switch Status /dev/rfkill Watch.
[[0;32m  OK  [0m] Started LSB: AppArmor initialization.
[[0;32m  OK  [0m] Started Set console font and keymap.
[[0;32m  OK  [0m] Created slice system-getty.slice.
[   18.311337] cloud-init[489]: Cloud-init v. 18.2 running 'init-local' at Tue, 14 Aug 2018 12:49:05 +0000. Up 17.47 seconds.
[[0;32m  OK  [0m] Started Initial cloud-init job (pre-networking).
[[0;32m  OK  [0m] Reached target Network (Pre).
         Starting Raise network interfaces...
[[0;32m  OK  [0m] Started Raise network interfaces.
[[0;32m  OK  [0m] Reached target Network.
         Starting Initial cloud-init job (metadata service crawler)...
[   21.281063] cloud-init[956]: Cloud-init v. 18.2 running 'init' at Tue, 14 Aug 2018 12:49:06 +0000. Up 19.12 seconds.
[   21.289304] cloud-init[956]: ci-info: ++++++++++++++++++++++++++++++++++++++Net device info++++++++++++++++++++++++++++++++++++++
[   21.295560] cloud-init[956]: ci-info: +--------+-------+----------------------------+---------------+-------+-------------------+
[   21.297705] cloud-init[956]: ci-info: | Device |   Up  |          Address           |      Mask     | Scope |     Hw-Address    |
[   21.340247] cloud-init[956]: ci-info: +--------+-------+----------------------------+---------------+-------+-------------------+
[[0;32m  OK  [0m] Started Initial cloud-init job (metadata service crawler).
[   21.340518] cloud-init[956]: ci-info: | enp0s3 |  True |         10.0.2.15          | 255.255.255.0 |   .   | 02:e8:84:b6:e7:35 |
[   21.346278] cloud-init[956]: ci-info: | enp0s3 |  True | fe80::e8:84ff:feb6:e735/64 |       .       |  link | 02:e8:84:b6:e7:35 |
[   21.346524] cloud-init[956]: ci-info: | enp0s8 | False |             .              |       .       |   .   | 08:00:27:28:e0:54 |
[   21.346801] cloud-init[956]: ci-info: |   lo   |  True |         127.0.0.1          |   255.0.0.0   |   .   |         .         |
[   21.347073] cloud-init[956]: ci-info: |   lo   |  True |          ::1/128           |       .       |  host |         .         |
[   21.347338] cloud-init[956]: ci-info: +--------+-------+----------------------------+---------------+-------+-------------------+
[   21.347605] cloud-init[956]: ci-info: +++++++++++++++++++++++++++Route IPv4 info++++++++++++++++++++++++++++
[   21.347873] cloud-init[956]: ci-info: +-------+-------------+----------+---------------+-----------+-------+
[   21.348434] cloud-init[956]: ci-info: | Route | Destination | Gateway  |    Genmask    | Interface | Flags |
[   21.348687] cloud-init[956]: ci-info: +-------+-------------+----------+---------------+-----------+-------+
[   21.348949] cloud-init[956]: ci-info: |   0   |   0.0.0.0   | 10.0.2.2 |    0.0.0.0    |   enp0s3  |   UG  |
[   21.349218] cloud-init[956]: ci-info: |   1   |   10.0.2.0  | 0.0.0.0  | 255.255.255.0 |   enp0s3  |   U   |
[   21.349487] cloud-init[956]: ci-info: +-------+-------------+----------+---------------+-----------+-------+
[   21.349663] cloud-init[956]: Generating public/private rsa key pair.
[   21.349936] cloud-init[956]: Your identification has been saved in /etc/ssh/ssh_host_rsa_key.
[   21.350202] cloud-init[956]: Your public key has been saved in /etc/ssh/ssh_host_rsa_key.pub.
[   21.350473] cloud-init[956]: The key fingerprint is:
[   21.350732] cloud-init[956]: SHA256:iJBZQycAuFHGnf4H2FCwLTqFLhHbUJAjCU41AodlNAE root@ubuntu-xenial
[   21.351004] cloud-init[956]: The key's randomart image is:
[   21.351266] cloud-init[956]: +---[RSA 2048]----+
[   21.351534] cloud-init[956]: |E/&B*+o          |
[   21.351797] cloud-init[956]: |@Oo*=*           |
[   21.352189] cloud-init[956]: |+=*.++.          |
[   21.352476] cloud-init[956]: |.o +ooo.         |
[   21.352745] cloud-init[956]: |. + ....S        |
[   21.353011] cloud-init[956]: | . .  . .        |
[   21.353281] cloud-init[956]: |       .         |
[   21.353553] cloud-init[956]: |                 |
[   21.353833] cloud-init[956]: |                 |
[   21.354095] cloud-init[956]: +----[SHA256]-----+
[   21.354369] cloud-init[956]: Generating public/private dsa key pair.
[   21.354637] cloud-init[956]: Your identification has been saved in /etc/ssh/ssh_host_dsa_key.
[   21.354915] cloud-init[956]: Your public key has been saved in /etc/ssh/ssh_host_dsa_key.pub.
[   21.355180] cloud-init[956]: The key fingerprint is:
[   21.355342] cloud-init[956]: SHA256:19yYIFA7/oWvTvua3GpNyaxwVlwp/8U7J25zOspJvK4 root@ubuntu-xenial
[   21.355509] cloud-init[956]: The key's randomart image is:
[[0;32m  OK  [0m] Reached target Network is Online.
[   21.355703] cloud-init[956]: +---[DSA 1024]----+
[   21.530788] cloud-init[956]: |      ...      . |
[   21.531864] cloud-init[956]: |       . .  . o  |
[   21.533111] cloud-init[956]: |        + .. + . |
[   21.534493] cloud-init[956]: |       . o =o+. o|
[   21.535813] cloud-init[956]: |        S o+*...o|
[   21.537324] cloud-init[956]: |        .oo+= .oo|
[   21.538850] cloud-init[956]: |         +o++. .o|
[   21.548369] cloud-init[956]: |         ooB.o= .|
[   21.557764] cloud-init[956]: |         oE*Oo.= |
         [   21.564305] cloud-init[956]: +----[SHA256]-----+
[   21.564394] cloud-init[956]: Generating public/private ecdsa key pair.
[   21.564458] cloud-init[956]: Your identification has been saved in /etc/ssh/ssh_host_ecdsa_key.
[   21.564521] cloud-init[956]: Your public key has been saved in /etc/ssh/ssh_host_ecdsa_key.pub.
[   21.564583] cloud-init[956]: The key fingerprint is:
[   21.564642] cloud-init[956]: SHA256:6zkjB7MTLSl5j7xofjpCGQ3tFim/6g8upz2aAVvEE9E root@ubuntu-xenial
[   21.564701] cloud-init[956]: The key's randomart image is:
[   21.564764] cloud-init[956]: +---[ECDSA 256]---+
[   21.564824] cloud-init[956]: |  o+ .           |
[   21.564884] cloud-init[956]: | .o.E            |
[   21.564941] cloud-init[956]: |  +* .           |
[   21.565000] cloud-init[956]: | ...=            |
[   21.565057] cloud-init[956]: |. .+ o oS        |
[   21.565116] cloud-init[956]: |.oo + B ..       |
[   21.565468] cloud-init[956]: |o... + O.        |
[   21.565545] cloud-init[956]: |.==.o.B.=.       |
[   21.565606] cloud-init[956]: |+*+*=+.=oo       |
[   21.565665] cloud-init[956]: +----[SHA256]-----+
[   21.565723] cloud-init[956]: Generating public/private ed25519 key pair.
[   21.565809] cloud-init[956]: Your identification has been saved in /etc/ssh/ssh_host_ed25519_key.
[   21.565873] cloud-init[956]: Your public key has been saved in /etc/ssh/ssh_host_ed25519_key.pub.
[   21.565934] cloud-init[956]: The key fingerprint is:
[   21.565992] cloud-init[956]: SHA256:j+sjcbhUAifcW++R5jKUodd9nkhEP/yMKbtGHamwN3o root@ubuntu-xenial
[   21.566049] cloud-init[956]: The key's randomart image is:
[   21.566108] cloud-init[956]: +--[ED25519 256]--+
[   21.566166] cloud-init[956]: |   . .     ..    |
[   21.566226] cloud-init[956]: |    + o o   .o   |
[   21.566283] cloud-init[956]: |     + + = +  +. |
[   21.566340] cloud-init[956]: |      + = B o +* |
[   21.566398] cloud-init[956]: |       *S+ =.*ooo|
[   21.566455] cloud-init[956]: |      + +o+ *o+  |
[   21.566516] cloud-init[956]: |     . +.o.+..   |
[   21.566575] cloud-init[956]: |      o ... E.   |
[   21.566933] cloud-init[956]: |       oo. o.    |
[   21.567006] cloud-init[956]: +----[SHA256]-----+
Starting iSCSI initiator daemon (iscsid)...
[[0;32m  OK  [0m] Reached target Cloud-config availability.
[[0;32m  OK  [0m] Reached target System Initialization.
[[0;32m  OK  [0m] Started Daily Cleanup of Temporary Directories.
         Starting Socket activation for snappy daemon.
[[0;32m  OK  [0m] Listening on D-Bus System Message Bus Socket.
         Starting LXD - unix socket.
[[0;32m  OK  [0m] Listening on UUID daemon activation socket.
[[0;32m  OK  [0m] Started ACPI Events Check.
[[0;32m  OK  [0m] Reached target Paths.
[[0;32m  OK  [0m] Started Daily apt download activities.
[[0;32m  OK  [0m] Started Daily apt upgrade and clean activities.
[[0;32m  OK  [0m] Reached target Timers.
[[0;32m  OK  [0m] Listening on ACPID Listen Socket.
[[0;32m  OK  [0m] Listening on Socket activation for snappy daemon.
[[0;32m  OK  [0m] Listening on LXD - unix socket.
[[0;32m  OK  [0m] Reached target Sockets.
[[0;32m  OK  [0m] Reached target Basic System.
         Starting LXD - container startup/shutdown...
         Starting Login Service...
         Starting /etc/rc.local Compatibility...
[[0;32m  OK  [0m] Started Unattended Upgrades Shutdown.
         Starting LSB: Record successful boot for GRUB...
         Starting LSB: MD monitoring daemon...
         Starting Accounts Service...
         Starting Virtualbox guest utils...
[[0;32m  OK  [0m] Started Deferred execution scheduler.
         Starting Pollinate to seed the pseudo random number generator...
         Starting Snappy daemon...
[[0;32m  OK  [0m] Started ACPI event daemon.
[[0;32m  OK  [0m] Started D-Bus System Message Bus.
[[0;32m  OK  [0m] Started Regular background program processing daemon.
[[0;32m  OK  [0m] Started FUSE filesystem for LXC.
         Starting Apply the settings specified in cloud-config...
         Starting System Logging Service...
[[0;32m  OK  [0m] Started iSCSI initiator daemon (iscsid).
[[0;32m  OK  [0m] Started /etc/rc.local Compatibility.
[[0;32m  OK  [0m] Started Login Service.
         Starting Login to default iSCSI targets...
[[0;32m  OK  [0m] Started LSB: Record successful boot for GRUB.
[[0;32m  OK  [0m] Started LSB: MD monitoring daemon.
[[0;32m  OK  [0m] Started Login to default iSCSI targets.
[[0;32m  OK  [0m] Reached target Remote File Systems (Pre).
[[0;32m  OK  [0m] Reached target Remote File Systems.
         Starting LSB: Set the CPU Frequency Scaling governor to "ondemand"...
         Starting LSB: daemon to balance interrupts for SMP systems...
         Starting Permit User Sessions...
         Starting LSB: automatic crash report generation...
         Starting Authenticate and Authorize Users to Run Privileged Tasks...
[[0;32m  OK  [0m] Started LSB: Set the CPU Frequency Scaling governor to "ondemand".
[[0;32m  OK  [0m] Started Permit User Sessions.
         Starting Hold until boot process finishes up...
         Starting Terminate Plymouth Boot Screen...
[[0;32m  OK  [0m] Started Hold until boot process finishes up.
[[0;32m  OK  [0m] Started Terminate Plymouth Boot Screen.
[[0;32m  OK  [0m] Started Getty on tty1.
         Starting Set console scheme...
[[0;32m  OK  [0m] Started Serial Getty on ttyS0.
[[0;32m  OK  [0m] Reached target Login Prompts.
[[0;32m  OK  [0m] Started Set console scheme.
[[0;32m  OK  [0m] Started System Logging Service.
[[0;32m  OK  [0m] Started LSB: daemon to balance interrupts for SMP systems.
[[0;32m  OK  [0m] Started LSB: automatic crash report generation.
[[0;32m  OK  [0m] Started Authenticate and Authorize Users to Run Privileged Tasks.
[[0;32m  OK  [0m] Started Accounts Service.
[   24.877505] cloud-init[1114]: Generating locales (this might take a while)...
[[0;32m  OK  [0m] Started Virtualbox guest utils.
[[0;32m  OK  [0m] Started LXD - container startup/shutdown.
[[0;32m  OK  [0m] Started Snappy daemon.
         Starting Wait until snapd is fully seeded...
[   26.791520] cloud-init[1114]:   en_US.UTF-8... done
[   26.810590] cloud-init[1114]: Generation complete.
[   28.209479] cloud-init[1114]: Cloud-init v. 18.2 running 'modules:config' at Tue, 14 Aug 2018 12:49:11 +0000. Up 23.48 seconds.
[[0;32m  OK  [0m] Started Apply the settings specified in cloud-config.

Ubuntu 16.04.4 LTS ubuntu-xenial ttyS0

ubuntu-xenial login: ci-info: no authorized ssh keys fingerprints found for user ubuntu.
<14>Aug 14 12:49:55 ec2: 
<14>Aug 14 12:49:55 ec2: #############################################################
<14>Aug 14 12:49:55 ec2: -----BEGIN SSH HOST KEY FINGERPRINTS-----
<14>Aug 14 12:49:55 ec2: 1024 SHA256:19yYIFA7/oWvTvua3GpNyaxwVlwp/8U7J25zOspJvK4 root@ubuntu-xenial (DSA)
<14>Aug 14 12:49:55 ec2: 256 SHA256:6zkjB7MTLSl5j7xofjpCGQ3tFim/6g8upz2aAVvEE9E root@ubuntu-xenial (ECDSA)
<14>Aug 14 12:49:55 ec2: 256 SHA256:j+sjcbhUAifcW++R5jKUodd9nkhEP/yMKbtGHamwN3o root@ubuntu-xenial (ED25519)
<14>Aug 14 12:49:55 ec2: 2048 SHA256:iJBZQycAuFHGnf4H2FCwLTqFLhHbUJAjCU41AodlNAE root@ubuntu-xenial (RSA)
<14>Aug 14 12:49:55 ec2: -----END SSH HOST KEY FINGERPRINTS-----
<14>Aug 14 12:49:55 ec2: #############################################################
-----BEGIN SSH HOST KEY KEYS-----
ecdsa-sha2-nistp256 AAAAE2VjZHNhLXNoYTItbmlzdHAyNTYAAAAIbmlzdHAyNTYAAABBBDQK98yl/ZMx10qICU0BdtqKe82dWoj+twTygJXg5HJitgwQaT+GPqybqS1ssnAVujsjSfWOHApV6qKLh7fO44Q= root@ubuntu-xenial
ssh-ed25519 AAAAC3NzaC1lZDI1NTE5AAAAICQ997qgr8YOzsjSclxcvEblSjdlAqO6bPTMRqf5+FZh root@ubuntu-xenial
ssh-rsa AAAAB3NzaC1yc2EAAAADAQABAAABAQDGUtauqNhO0qazBHLYV3GgH2lM2G+nYXRLdSxaRTeyO0vqKp+kiNOEHqJxFVF8b+qVzvd2dCUbP7rtve+6WNT/GT+guJuMJKepRwrRHUhbEFVAg5NvyCFirkf+EDx6A0Pu02ayK+zj5Dy7CKQj9lBHhCDsh2dB6hLrICgUCMnaMfm1v560WjCwLmjTXmStdMjbWrFA6t8oCBn+H7e+Szzgcrbn60Dqed/IO6bPLDdvhh2OP2yjYM+NMsigP/UNsdmjOr9G0Q+5hRjxyG/vSvV3YbDY3nyxkKb897gKG3oPu6gyijT/ULBdFU/lrTNlXtgWSVhlVlrDdw+o2eu8QzoL root@ubuntu-xenial
-----END SSH HOST KEY KEYS-----
[   68.032057] cloud-init[1741]: Cloud-init v. 18.2 running 'modules:final' at Tue, 14 Aug 2018 12:49:55 +0000. Up 67.84 seconds.
[   68.032600] cloud-init[1741]: ci-info: no authorized ssh keys fingerprints found for user ubuntu.
[   68.032905] cloud-init[1741]: Cloud-init v. 18.2 finished at Tue, 14 Aug 2018 12:49:55 +0000. Datasource DataSourceNoCloud [seed=/dev/sdb][dsmode=net].  Up 68.02 seconds
